// Jest Snapshot v1, https://goo.gl/fbAQLP

exports[`render registration form 1`] = `
<div>
  <div>
    <h1>
      Se registre
    </h1>
  </div>
  <div>
    <form>
      <div>
        <input
          placeholder="e-mal"
          type="text"
        />
      </div>
      <div>
        <input
          placeholder="password"
          type="text"
        />
      </div>
      <div>
        <button>
          Registrar
        </button>
      </div>
    </form>
  </div>
</div>
`;
